_off^_usr, _off^_usr, _off^_usr, _off^_usr, _off^_usr, _off^_usr, _off^_usr, _off^_usr, _off^_usr, _off^_usr, _off^_usr, _off^_usr, _off^_usr, _off^_usr, _off^_usr, _off^_usr, _off^_usr, _off^_usr, _off^_usr, _off^_usr, _off^_usr, _off^_usr, _off^_usr
_off^_usr, _off^_usr, _off^_usr, _off^_usr, _off^_usr, _off^_usr, _off^_usr, _off^_usr, _off^_usr, _off^_usr, _off^_usr, _off^_usr, _off^_usr, _off^_usr, _off^_usr, _off^_usr, _off^_usr, _off^_usr, _off^_usr, _off^_usr, _off^_usr, _off^_usr, _off^_usr
_off^_usr, _off^_usr, _off^_usr, _off^_usr, _off^_usr, _off^_usr, _off^_usr, _off^_usr, _off^_usr, _off^_usr, _off^_usr, _off^_usr, _off^_usr, _off^_usr, _off^_usr, _off^_usr, _off^_usr, _off^_usr, _off^_usr, _off^_usr, _off^_usr, _off^_usr, _off^_usr
_off^_usr, _off^_usr, _off^_usr, _off^_usr, _off^_usr, _off^_usr, _off^_usr, _off^_usr, _off^_usr, _off^_usr, Qxu, Qxu, Qxu, _off^_usr, _off^_usr, _off^_usr, _off^_usr, _off^_usr, _off^_usr, _off^_usr, _off^_usr, _off^_usr, _off^_usr
_off^_usr, _off^_usr, _off^_usr, _off^_usr, _off^_usr, _off^_usr, _off^_usr, _off^_usr, Qxu, Qxu, Mdd^Xm, Mdd^Xm, Mdd^Xm, Qxu, Qxu, _off^_usr, _off^_usr, _off^_usr, _off^_usr, _off^_usr, _off^_usr, _off^_usr, _off^_usr
_off^_usr, _off^_usr, _off^_usr, _off^_usr, _off^_usr, _off^_usr, Qxu, Qxu, Hhd, Hhd, Cd, 1 Kd, Cd, Hhd, Hhd, Qxu, Qxu, _off^_usr, _off^_usr, _off^_usr, _off^_usr, _off^_usr, _off^_usr
_off^_usr, _off^_usr, _off^_usr, _off^_usr, Qxu, Qxu, Hhd, Hhd, Ds, Ds, Hhd, Cd, Hhd, Rd, Gd, Hhd, Hhd, Qxu, Qxu, _off^_usr, _off^_usr, _off^_usr, _off^_usr
_off^_usr, _off^_usr, Qxu, Qxu, Wo, Hhd, Gd^Fts, Ds, Dd^Efm, Gd, Mdd, Ww^Ewf, Rd, Rd, Dd, Gd^Efm, Gd^Fts, Hhd, Wo, Qxu, Qxu, _off^_usr, _off^_usr
_off^_usr, _off^_usr, Qxu, Wo, Wot, Hhd^Efm, Ss, Ds, Dd^Ftd, Dd^Ftd, Gd^Efm, Rd, Gd^Efm, Dd^Vda, Dd^Ftd, Dd^Efm, Ss, Hhd, Wot, Wo, Qxu, _off^_usr, _off^_usr
_off^_usr, _off^_usr, Qxu, Wo, Hhd, Wot, Wot, Hd, Dd^Vda, Ds, Rd, Rd, Rd, Dd^Ftd, Ds, Hd, Wot, Wot, Hhd^Efm, Wo, Qxu, _off^_usr, _off^_usr
_off^_usr, _off^_usr, Qxu, Hhd^Efm, Gd^Fts, Ss, Hd, Wot, Wwt, Hhd^Gvs, Ss, Ss, Ss, Hhd^Gvs, Wwt, Wot, Hd, Ss, Gd^Fts, Hhd, Qxu, _off^_usr, _off^_usr
_off^_usr, _off^_usr, Qxu, Hhd, Gd^Efm, Dd, Dd^Ftd, Ds, Hhd^Gvs, Wwt, Wwt, Ww, Ww, Wwt, Hhd^Gvs, Dd^Vda, Dd^Ftd, Ds, Ds, Hhd, Qxu, _off^_usr, _off^_usr
_off^_usr, _off^_usr, Qxu, Hhd, Gd, Dd, Dd^Vda, Dd^Ftd, Rd, Ss, Ww, Gg^Ve, Ww, Ss, Rd, Dd, Dd^Ftd, Dd^Efm, Ds, Hhd, Qxu, _off^_usr, _off^_usr
_off^_usr, _off^_usr, Qxu, Hhd, Rd, Rd, Rd, Gd^Efm, Rd, Ss, Ss, Wwt, Ss, Ss, Rd, Gd^Efm, Mdd, Gd, Ds, Hhd, Qxu, _off^_usr, _off^_usr
_off^_usr, _off^_usr, Qxu, Hhd, Cd, Hhd, Ww^Ewf, Rd, Gd, Rd, Hhd^Gvs, Wwt, Hhd^Gvs, Rd, Gd, Rd, Ww^Ewf, Hhd, Cd, Hhd^Efm, Qxu, _off^_usr, _off^_usr
_off^_usr, _off^_usr, Qxu, Mdd^Xm, 3 Kd, Cd, Hhd, Mdd, Dd^Ftd, Ds, Dd^Vda, Wwt, Ds, Dd^Ftd, Dd^Vda, Rd, Hhd, Cd, 2 Kd, Mdd^Xm, Qxu, _off^_usr, _off^_usr
_off^_usr, _off^_usr, Qxu, Mdd^Xm, Mdd^Xm, Cd, Ds, Gd^Efm, Dd^Efm, Dd^Ftd, Hd, Wot, Hd, Dd^Ftd, Dd^Efm, Rd, Rd, Cd, Mdd^Xm, Mdd^Xm, Qxu, _off^_usr, _off^_usr
_off^_usr, _off^_usr, _off^_usr, Qxu, Qxu, Hhd^Efm, Hhd, Ds, Ds, Ds, Ss, Wot, Ss, Dd^Efm, Gd^Efm, Gd^Efm, Hhd, Hhd, Qxu, Qxu, _off^_usr, _off^_usr, _off^_usr
_off^_usr, _off^_usr, _off^_usr, _off^_usr, _off^_usr, Qxu, Qxu, Hhd, Hhd, Gd^Fts, Hhd, Wot, Hhd^Efm, Gd^Fts, Hhd, Hhd, Qxu, Qxu, _off^_usr, _off^_usr, _off^_usr, _off^_usr, _off^_usr
_off^_usr, _off^_usr, _off^_usr, _off^_usr, _off^_usr, _off^_usr, _off^_usr, Qxu, Qxu, Hhd^Efm, Wo, Wot, Wo, Hhd, Qxu, Qxu, _off^_usr, _off^_usr, _off^_usr, _off^_usr, _off^_usr, _off^_usr, _off^_usr
_off^_usr, _off^_usr, _off^_usr, _off^_usr, _off^_usr, _off^_usr, _off^_usr, _off^_usr, _off^_usr, Qxu, Qxu, Wo, Qxu, Qxu, _off^_usr, _off^_usr, _off^_usr, _off^_usr, _off^_usr, _off^_usr, _off^_usr, _off^_usr, _off^_usr
_off^_usr, _off^_usr, _off^_usr, _off^_usr, _off^_usr, _off^_usr, _off^_usr, _off^_usr, _off^_usr, _off^_usr, _off^_usr, Qxu, _off^_usr, _off^_usr, _off^_usr, _off^_usr, _off^_usr, _off^_usr, _off^_usr, _off^_usr, _off^_usr, _off^_usr, _off^_usr
_off^_usr, _off^_usr, _off^_usr, _off^_usr, _off^_usr, _off^_usr, _off^_usr, _off^_usr, _off^_usr, _off^_usr, _off^_usr, _off^_usr, _off^_usr, _off^_usr, _off^_usr, _off^_usr, _off^_usr, _off^_usr, _off^_usr, _off^_usr, _off^_usr, _off^_usr, _off^_usr
