_off^_usr, _off^_usr, _off^_usr, _off^_usr, _off^_usr, _off^_usr, _off^_usr, _off^_usr, _off^_usr, _off^_usr, _off^_usr, _off^_usr, _off^_usr, _off^_usr, _off^_usr, _off^_usr, _off^_usr, _off^_usr, _off^_usr, _off^_usr, _off^_usr, _off^_usr, _off^_usr
_off^_usr, _off^_usr, _off^_usr, _off^_usr, _off^_usr, _off^_usr, _off^_usr, _off^_usr, _off^_usr, _off^_usr, _off^_usr, _off^_usr, _off^_usr, _off^_usr, _off^_usr, _off^_usr, _off^_usr, _off^_usr, _off^_usr, _off^_usr, _off^_usr, _off^_usr, _off^_usr
_off^_usr, _off^_usr, _off^_usr, _off^_usr, _off^_usr, _off^_usr, _off^_usr, _off^_usr, _off^_usr, _off^_usr, _off^_usr, _off^_usr, _off^_usr, _off^_usr, _off^_usr, _off^_usr, _off^_usr, _off^_usr, _off^_usr, _off^_usr, _off^_usr, _off^_usr, _off^_usr
_off^_usr, _off^_usr, _off^_usr, _off^_usr, _off^_usr, _off^_usr, _off^_usr, _off^_usr, _off^_usr, _off^_usr, Qxu, Qxu, Qxu, _off^_usr, _off^_usr, _off^_usr, _off^_usr, _off^_usr, _off^_usr, _off^_usr, _off^_usr, _off^_usr, _off^_usr
_off^_usr, _off^_usr, _off^_usr, _off^_usr, _off^_usr, _off^_usr, _off^_usr, _off^_usr, Qxu, Qxu, Mdd, Mdd, Mdd, Qxu, Qxu, _off^_usr, _off^_usr, _off^_usr, _off^_usr, _off^_usr, _off^_usr, _off^_usr, _off^_usr
_off^_usr, _off^_usr, _off^_usr, _off^_usr, _off^_usr, _off^_usr, Qxu, Qxu, Cd, Cd, Hhd^Efm, Hhd, Hhd, Cd, Cd, Qxu, Qxu, _off^_usr, _off^_usr, _off^_usr, _off^_usr, _off^_usr, _off^_usr
_off^_usr, _off^_usr, _off^_usr, _off^_usr, Qxu, Qxu, Cd, 1 Kd, Wo, Gd^Fts, Gd^Gvs, Ss, Gd^Gvs, Gd^Fts, Wo, 2 Kd, Cd, Qxu, Qxu, _off^_usr, _off^_usr, _off^_usr, _off^_usr
_off^_usr, _off^_usr, Qxu, Qxu, Wo, Hhd, Gd^Fts, Ds, Gd, Mdd, Gg^Vwm, Ww^Ewf, Gg^Vwm, Mdd, Gd, Ds, Gd^Fts, Hhd, Wo, Qxu, Qxu, _off^_usr, _off^_usr
_off^_usr, _off^_usr, Qxu, Wo, Wot, Hhd^Efm, Ss, Ds, Dd^Ftd, Dd^Ftd, Dd, Hhd, Dd, Dd^Ftd, Dd^Ftd, Ds, Ss, Hhd, Wot, Wo, Qxu, _off^_usr, _off^_usr
_off^_usr, _off^_usr, Qxu, Wo, Hhd, Wot, Wot, Ds, Dd^Vda, Gd, Rd, Rd, Rd, Gd, Dd^Vda, Ds, Wot, Wot, Hhd^Efm, Wo, Qxu, _off^_usr, _off^_usr
_off^_usr, _off^_usr, Qxu, Hhd^Efm, Gd^Fts, Ss, Ds, Wot, Wwt, Hhd^Gvs, Ss, Ss, Ss, Hhd^Gvs, Wwt, Wot, Ds, Ss, Gd^Fts, Hhd, Qxu, _off^_usr, _off^_usr
_off^_usr, _off^_usr, Qxu, Cd, Ds, Ds, Dd^Ftd, Dd^Vda, Hhd^Gvs, Wwt, Wwt, Ww, Ww, Wwt, Hhd^Gvs, Dd^Vda, Dd^Ftd, Ds, Ds, Cd, Qxu, _off^_usr, _off^_usr
_off^_usr, _off^_usr, Qxu, 6 Kd, Wo, Gd, Dd^Ftd, Gd, Rd, Ss, Ww, Gg^Ve, Ww, Ss, Rd, Gd, Dd^Ftd, Gd^Efm, Wo, 3 Kd, Qxu, _off^_usr, _off^_usr
_off^_usr, _off^_usr, Qxu, Cd, Gd^Fts, Mdd, Gg^Vwm, Dd, Rd, Ss, Ss, Wwt, Ss, Ss, Rd, Dd, Gg^Vwm, Mdd, Gd^Fts, Cd, Qxu, _off^_usr, _off^_usr
_off^_usr, _off^_usr, Qxu, Cd, Hhd^Efm, Gd^Gvs, Ww^Ewl, Hhd, Dd^Efm, Rd, Hhd^Gvs, Wwt, Hhd^Gvs, Rd, Dd, Hhd, Ww^Ewl, Gd^Gvs, Hhd, Cd, Qxu, _off^_usr, _off^_usr
_off^_usr, _off^_usr, Qxu, Mdd, Hhd, Ss, Gd^Gvs, Gg^Vwm, Dd^Ftd, Gd, Dd^Vda, Wwt, Dd^Vda, Gd, Dd^Ftd, Gg^Vwm, Gd^Gvs, Ss, Hhd, Mdd, Qxu, _off^_usr, _off^_usr
_off^_usr, _off^_usr, Qxu, Mdd, Mdd, Hhd, Gd^Efm, Mdd, Gd, Dd^Ftd, Ds, Wot, Ds, Dd^Ftd, Gd^Efm, Mdd, Gd^Fts, Hhd^Efm, Mdd, Mdd, Qxu, _off^_usr, _off^_usr
_off^_usr, _off^_usr, _off^_usr, Qxu, Qxu, Cd, Cd, Wo, Ds, Ds, Ss, Wot, Ss, Ds, Ds, Wo, Cd, Cd, Qxu, Qxu, _off^_usr, _off^_usr, _off^_usr
_off^_usr, _off^_usr, _off^_usr, _off^_usr, _off^_usr, Qxu, Qxu, 5 Kd, Cd, Gd^Fts, Hhd, Wot, Hhd^Efm, Gd^Fts, Cd, 4 Kd, Qxu, Qxu, _off^_usr, _off^_usr, _off^_usr, _off^_usr, _off^_usr
_off^_usr, _off^_usr, _off^_usr, _off^_usr, _off^_usr, _off^_usr, _off^_usr, Qxu, Qxu, Hhd^Efm, Wo, Wot, Wo, Hhd, Qxu, Qxu, _off^_usr, _off^_usr, _off^_usr, _off^_usr, _off^_usr, _off^_usr, _off^_usr
_off^_usr, _off^_usr, _off^_usr, _off^_usr, _off^_usr, _off^_usr, _off^_usr, _off^_usr, _off^_usr, Qxu, Qxu, Wo, Qxu, Qxu, _off^_usr, _off^_usr, _off^_usr, _off^_usr, _off^_usr, _off^_usr, _off^_usr, _off^_usr, _off^_usr
_off^_usr, _off^_usr, _off^_usr, _off^_usr, _off^_usr, _off^_usr, _off^_usr, _off^_usr, _off^_usr, _off^_usr, _off^_usr, Qxu, _off^_usr, _off^_usr, _off^_usr, _off^_usr, _off^_usr, _off^_usr, _off^_usr, _off^_usr, _off^_usr, _off^_usr, _off^_usr
_off^_usr, _off^_usr, _off^_usr, _off^_usr, _off^_usr, _off^_usr, _off^_usr, _off^_usr, _off^_usr, _off^_usr, _off^_usr, _off^_usr, _off^_usr, _off^_usr, _off^_usr, _off^_usr, _off^_usr, _off^_usr, _off^_usr, _off^_usr, _off^_usr, _off^_usr, _off^_usr
