_off^_usr, _off^_usr, _off^_usr, _off^_usr, _off^_usr, _off^_usr, _off^_usr, _off^_usr, _off^_usr, _off^_usr, _off^_usr, _off^_usr, _off^_usr, _off^_usr, _off^_usr, _off^_usr, _off^_usr, _off^_usr, _off^_usr, _off^_usr, _off^_usr, _off^_usr, _off^_usr
_off^_usr, _off^_usr, _off^_usr, _off^_usr, _off^_usr, _off^_usr, _off^_usr, _off^_usr, _off^_usr, _off^_usr, _off^_usr, _off^_usr, _off^_usr, _off^_usr, _off^_usr, _off^_usr, _off^_usr, _off^_usr, _off^_usr, _off^_usr, _off^_usr, _off^_usr, _off^_usr
_off^_usr, _off^_usr, _off^_usr, _off^_usr, _off^_usr, _off^_usr, _off^_usr, _off^_usr, _off^_usr, _off^_usr, _off^_usr, _off^_usr, _off^_usr, _off^_usr, _off^_usr, _off^_usr, _off^_usr, _off^_usr, _off^_usr, _off^_usr, _off^_usr, _off^_usr, _off^_usr
_off^_usr, _off^_usr, _off^_usr, _off^_usr, _off^_usr, _off^_usr, _off^_usr, _off^_usr, _off^_usr, _off^_usr, Qxu, Qxu, Qxu, _off^_usr, _off^_usr, _off^_usr, _off^_usr, _off^_usr, _off^_usr, _off^_usr, _off^_usr, _off^_usr, _off^_usr
_off^_usr, _off^_usr, _off^_usr, _off^_usr, _off^_usr, _off^_usr, _off^_usr, _off^_usr, Qxu, Qxu, Cd, 1 Kd, Cd, Qxu, Qxu, _off^_usr, _off^_usr, _off^_usr, _off^_usr, _off^_usr, _off^_usr, _off^_usr, _off^_usr
_off^_usr, _off^_usr, _off^_usr, _off^_usr, _off^_usr, _off^_usr, Qxu, Qxu, Hhd, Hhd, Gd^Fts, Ds, Gd^Fts, Hhd, Hhd, Qxu, Qxu, _off^_usr, _off^_usr, _off^_usr, _off^_usr, _off^_usr, _off^_usr
_off^_usr, _off^_usr, _off^_usr, _off^_usr, Qxu, Qxu, 2 Kd, Cd, Wo, Gd^Efm, Gd, Ds, Gd, Gd^Efm, Wo, Cd, 3 Kd, Qxu, Qxu, _off^_usr, _off^_usr, _off^_usr, _off^_usr
_off^_usr, _off^_usr, Qxu, Qxu, Wo, Cd, Gd^Fts, Ds, Gd^Efm, Mdd, Dd^Efm, Ds, Dd, Mdd, Gd^Efm, Ds, Gd^Fts, Cd, Wo, Qxu, Qxu, _off^_usr, _off^_usr
_off^_usr, _off^_usr, Qxu, Wo, Wot, Hhd^Efm, Ss, Ds, Dd^Ftd, Dd^Ftd, Dd^Ftd, Dd^Vda, Dd^Ftd, Dd^Ftd, Dd^Ftd, Ds, Ss, Hhd, Wot, Wo, Qxu, _off^_usr, _off^_usr
_off^_usr, _off^_usr, Qxu, Wo, Hhd, Wot, Wot, Hd, Dd^Vda, Dd, Re^Gvs, Ds, Re^Gvs, Dd^Efm, Dd^Vda, Hd, Wot, Wot, Hhd^Efm, Wo, Qxu, _off^_usr, _off^_usr
_off^_usr, _off^_usr, Qxu, Cd, Gd^Fts, Ss, Hd, Wot, Wwt, Hhd^Gvs, Ss, Ss^Bw|, Ss, Hhd^Gvs, Wwt, Wot, Hd, Ss, Gd^Fts, Cd, Qxu, _off^_usr, _off^_usr
_off^_usr, _off^_usr, Qxu, 9 Kd, Ds, Ds, Dd^Ftd, Dd^Vda, Hhd^Gvs, Wwt, Wwt, Ss^Vhs, Wwt, Wwt, Hhd^Gvs, Dd^Vda, Dd^Ftd, Ds, Ds, 5 Kd, Qxu, _off^_usr, _off^_usr
_off^_usr, _off^_usr, Qxu, Cd, Wo, Gd^Efm, Dd^Ftd, Dd, Re^Gvs, Ss, Ss^Vhs, Ww^Ewf, Ss^Vhs, Ss, Re^Gvs, Dd, Dd^Ftd, Gd^Efm, Wo, Cd, Qxu, _off^_usr, _off^_usr
_off^_usr, _off^_usr, Qxu, Hhd^Efm, Gd^Efm, Mdd, Dd, Dd^Ftd, Ds, Ss^Bw/, Ss, Wwt, Ss, Ss^Bw\, Ds, Dd^Ftd, Dd, Mdd, Gd, Hhd, Qxu, _off^_usr, _off^_usr
_off^_usr, _off^_usr, Qxu, Hhd, Gd^Fts, Gd, Ds, Dd^Vda, Dd^Ftd, Re^Gvs, Hhd^Gvs, Wwt, Hhd^Gvs, Re^Gvs, Dd^Ftd, Dd^Vda, Ds, Gd^Efm, Gd^Fts, Hhd, Qxu, _off^_usr, _off^_usr
_off^_usr, _off^_usr, Qxu, Cd, Ds, Ds, Gd, Dd, Dd^Ftd, Dd, Dd^Vda, Wwt, Dd^Vda, Dd, Dd^Ftd, Dd, Gd^Efm, Ds, Ds, Cd, Qxu, _off^_usr, _off^_usr
_off^_usr, _off^_usr, Qxu, 7 Kd, Cd, Gd^Fts, Gd^Efm, Mdd, Gd^Efm, Dd^Ftd, Hd, Wot, Hd, Dd^Ftd, Gd^Efm, Mdd, Gd, Gd^Fts, Cd, 4 Kd, Qxu, _off^_usr, _off^_usr
_off^_usr, _off^_usr, _off^_usr, Qxu, Qxu, Hhd, Hhd, Wo, Ds, Ds, Ss, Wot, Ss, Ds, Ds, Wo, Hhd, Hhd, Qxu, Qxu, _off^_usr, _off^_usr, _off^_usr
_off^_usr, _off^_usr, _off^_usr, _off^_usr, _off^_usr, Qxu, Qxu, Cd, 8 Kd, Gd^Fts, Hhd, Wot, Hhd^Efm, Gd^Fts, 6 Kd, Cd, Qxu, Qxu, _off^_usr, _off^_usr, _off^_usr, _off^_usr, _off^_usr
_off^_usr, _off^_usr, _off^_usr, _off^_usr, _off^_usr, _off^_usr, _off^_usr, Qxu, Qxu, Cd, Wo, Wot, Wo, Cd, Qxu, Qxu, _off^_usr, _off^_usr, _off^_usr, _off^_usr, _off^_usr, _off^_usr, _off^_usr
_off^_usr, _off^_usr, _off^_usr, _off^_usr, _off^_usr, _off^_usr, _off^_usr, _off^_usr, _off^_usr, Qxu, Qxu, Wo, Qxu, Qxu, _off^_usr, _off^_usr, _off^_usr, _off^_usr, _off^_usr, _off^_usr, _off^_usr, _off^_usr, _off^_usr
_off^_usr, _off^_usr, _off^_usr, _off^_usr, _off^_usr, _off^_usr, _off^_usr, _off^_usr, _off^_usr, _off^_usr, _off^_usr, Qxu, _off^_usr, _off^_usr, _off^_usr, _off^_usr, _off^_usr, _off^_usr, _off^_usr, _off^_usr, _off^_usr, _off^_usr, _off^_usr
_off^_usr, _off^_usr, _off^_usr, _off^_usr, _off^_usr, _off^_usr, _off^_usr, _off^_usr, _off^_usr, _off^_usr, _off^_usr, _off^_usr, _off^_usr, _off^_usr, _off^_usr, _off^_usr, _off^_usr, _off^_usr, _off^_usr, _off^_usr, _off^_usr, _off^_usr, _off^_usr
